###############################################################################
#                                                                             #
# IAR ELF Linker V6.20.2.52620/W32 for ARM              03/Dec/2012  16:37:17 #
# Copyright 2007-2011 IAR Systems AB.                                         #
#                                                                             #
#    Output file  =  D:\WebBasedRobot\car_code\test\Debug\Exe\car1021.out     #
#    Map file     =  D:\WebBasedRobot\car_code\test\Debug\List\car1021.map    #
#    Command line =  C:\StellarisWare\driverlib\ewarm\Exe\driverlib.a         #
#                    D:\WebBasedRobot\car_code\test\Debug\Obj\ISR.o           #
#                    D:\WebBasedRobot\car_code\test\Debug\Obj\delay.o         #
#                    D:\WebBasedRobot\car_code\test\Debug\Obj\infraredkey.o   #
#                    D:\WebBasedRobot\car_code\test\Debug\Obj\key_led_test.o  #
#                    D:\WebBasedRobot\car_code\test\Debug\Obj\keys.o          #
#                    D:\WebBasedRobot\car_code\test\Debug\Obj\led.o           #
#                    D:\WebBasedRobot\car_code\test\Debug\Obj\main.o          #
#                    D:\WebBasedRobot\car_code\test\Debug\Obj\motor.o         #
#                    D:\WebBasedRobot\car_code\test\Debug\Obj\motor_encoder_t #
#                    est.o D:\WebBasedRobot\car_code\test\Debug\Obj\nrf24l01. #
#                    o D:\WebBasedRobot\car_code\test\Debug\Obj\startup.o     #
#                    D:\WebBasedRobot\car_code\test\Debug\Obj\walk_test.o     #
#                    D:\WebBasedRobot\car_code\test\Debug\Obj\wireless_comm_t #
#                    est.o -o D:\WebBasedRobot\car_code\test\Debug\Exe\car102 #
#                    1.out --map D:\WebBasedRobot\car_code\test\Debug\List\ca #
#                    r1021.map --config "C:\Documents and                     #
#                    Settings\xiayf\×ÀÃæ\hardware test\LM3S.icf"              #
#                    --semihosting --entry __iar_program_start --vfe          #
#                                                                             #
#                                                                             #
###############################################################################

*******************************************************************************
*** RUNTIME MODEL ATTRIBUTES
***

CppFlavor       = *
__SystemLibrary = DLib


*******************************************************************************
*** PLACEMENT SUMMARY
***

"A1":  place at start of [0x00000000-0x0003ffff] { ro section .intvec };
"P1":  place in [from 0x00000000 to 0x0003ffff] { ro };
"P2":  place in [from 0x20000000 to 0x2000ffff] { rw, block HEAP };

  Section            Kind        Address    Size  Object
  -------            ----        -------    ----  ------
"A1":                                       0xf0
  .intvec            const    0x00000000    0xf0  startup.o [1]
                            - 0x000000f0    0xf0

"P1":                                     0x1a58
  .text              ro code  0x000000f0   0x6c0  nrf24l01.o [1]
  .text              ro code  0x000007b0   0x36c  sysctl.o [4]
  .text              ro code  0x00000b1c   0x1e0  gpio.o [4]
  .text              ro code  0x00000cfc    0x86  ssi.o [4]
  .text              ro code  0x00000d82    0x2e  copy_init3.o [5]
  .text              ro code  0x00000db0    0xe0  interrupt.o [4]
  .text              ro code  0x00000e90     0x8  cpu.o [4]
  .text              ro code  0x00000e98   0x440  main.o [1]
  .text              ro code  0x000012d8    0x26  delay.o [1]
  .text              ro code  0x000012fe    0x22  zero_init3.o [5]
  .text              ro code  0x00001320    0x6c  led.o [1]
  .text              ro code  0x0000138c   0x230  motor.o [1]
  .text              ro code  0x000015bc    0x80  keys.o [1]
  .text              ro code  0x0000163c   0x21c  ISR.o [1]
  .text              ro code  0x00001858     0x6  ABImemclr4.o [5]
  .text              ro code  0x0000185e     0x6  startup.o [1]
  .text              ro code  0x00001864   0x11c  adc.o [4]
  .text              ro code  0x00001980    0x80  pwm.o [4]
  .text              ro code  0x00001a00    0x4e  timer.o [4]
  .text              ro code  0x00001a50    0x38  ABImemset48.o [5]
  .text              ro code  0x00001a88    0x2c  data_init3.o [5]
  .iar.init_table    const    0x00001ab4    0x24  - Linker created -
  .text              ro code  0x00001ad8    0x16  cmain.o [5]
  .text              ro code  0x00001aee     0x4  low_level_init.o [3]
  .text              ro code  0x00001af2     0x8  exit.o [3]
  .text              ro code  0x00001afc     0xa  cexit.o [5]
  .text              ro code  0x00001b08    0x14  exit.o [6]
  .text              ro code  0x00001b1c     0xc  cstartup_M.o [5]
  .rodata            const    0x00001b28     0x0  bwt_init3c.o [5]
  Initializer bytes  ro data  0x00001b28    0x20  <for P2 s0>
                            - 0x00001b48  0x1a58

"P2", part 1 of 3:                          0x20
  P2 s0                       0x20000000    0x20  <Init block>
    .data            inited   0x20000000     0x4  main.o [1]
    .data            inited   0x20000004     0x4  main.o [1]
    .data            inited   0x20000008     0x4  motor.o [1]
    .data            inited   0x2000000c     0x4  motor.o [1]
    .data            inited   0x20000010     0x4  nrf24l01.o [1]
    .data            inited   0x20000014     0x4  nrf24l01.o [1]
    .data            inited   0x20000018     0x1  main.o [1]
    .data            inited   0x20000019     0x1  main.o [1]
    .data            inited   0x2000001a     0x1  main.o [1]
    .data            inited   0x2000001b     0x1  main.o [1]
    .data            inited   0x2000001c     0x1  main.o [1]
    .data            inited   0x2000001d     0x1  main.o [1]
    .data            inited   0x2000001e     0x1  main.o [1]
    .data            inited   0x2000001f     0x1  main.o [1]
                            - 0x20000020    0x20

"P2", part 2 of 3:                         0x848
  .bss               zero     0x20000020   0x804  nrf24l01.o [1]
  .bss               zero     0x20000824    0x20  main.o [1]
  .bss               zero     0x20000844     0xc  nrf24l01.o [1]
  .bss               zero     0x20000850     0x4  ISR.o [1]
  .bss               zero     0x20000854     0x4  main.o [1]
  .bss               zero     0x20000858     0x4  motor.o [1]
  .bss               zero     0x2000085c     0x4  motor.o [1]
  .bss               zero     0x20000860     0x1  ISR.o [1]
  .bss               zero     0x20000861     0x1  ISR.o [1]
  .bss               zero     0x20000862     0x1  ISR.o [1]
  .bss               zero     0x20000863     0x1  main.o [1]
  .bss               zero     0x20000864     0x1  nrf24l01.o [1]
                            - 0x20000865   0x845

"P2", part 3 of 3:                         0x400
  .noinit            uninit   0x20000868   0x400  startup.o [1]
                            - 0x20000c68   0x400


*******************************************************************************
*** INIT TABLE
***

          Address     Size
          -------     ----
Zero (__iar_zero_init3)
    1 destination range, total size 0x845:
          0x20000020  0x845

Copy (__iar_copy_init3)
    1 source range, total size 0x20:
          0x00001b28   0x20
    1 destination range, total size 0x20:
          0x20000000   0x20


*******************************************************************************
*** MODULE SUMMARY
***

    Module            ro code  ro data  rw data
    ------            -------  -------  -------
D:\WebBasedRobot\car_code\test\Debug\Obj: [1]
    ISR.o                 540                 7
    delay.o                38
    keys.o                128
    led.o                 108
    main.o              1 088       16       53
    motor.o               560        8       16
    nrf24l01.o          1 728        8    2 073
    startup.o               6      240    1 024
    -------------------------------------------
    Total:              4 196      272    3 173

command line: [2]
    -------------------------------------------
    Total:

dl7M_tln.a: [3]
    exit.o                  8
    low_level_init.o        4
    -------------------------------------------
    Total:                 12

driverlib.a: [4]
    adc.o                 284
    cpu.o                   8
    gpio.o                480
    interrupt.o           224
    pwm.o                 128
    ssi.o                 134
    sysctl.o              876
    timer.o                78
    -------------------------------------------
    Total:              2 212

rt7M_tl.a: [5]
    ABImemclr4.o            6
    ABImemset48.o          56
    bwt_init3c.o
    cexit.o                10
    cmain.o                22
    copy_init3.o           46
    cstartup_M.o           12
    data_init3.o           44
    zero_init3.o           34
    -------------------------------------------
    Total:                230

shb_l.a: [6]
    exit.o                 20
    -------------------------------------------
    Total:                 20

    Gaps                    6
    Linker created                  36
-----------------------------------------------
    Grand Total:        6 676      308    3 173


*******************************************************************************
*** ENTRY LIST
***

Entry                      Address   Size  Type      Object
-----                      -------   ----  ----      ------
?main                   0x00001ad9         Code  Gb  cmain.o [5]
ADCHardwareOversampleConfigure
                        0x00001969    0xe  Code  Gb  adc.o [4]
ADCInit                 0x0000124d   0x38  Code  Gb  main.o [1]
ADCIntClear             0x0000188f    0xa  Code  Gb  adc.o [4]
ADCIntStatus            0x00001865   0x2a  Code  Gb  adc.o [4]
ADCProcessorTrigger     0x00001955   0x14  Code  Gb  adc.o [4]
ADCSequenceConfigure    0x0000189f   0x30  Code  Gb  adc.o [4]
ADCSequenceDataGet      0x00001937   0x1e  Code  Gb  adc.o [4]
ADCSequenceEnable       0x00001899    0x6  Code  Gb  adc.o [4]
ADCSequenceStepConfigure
                        0x000018cf   0x5e  Code  Gb  adc.o [4]
CPUcpsie                0x00000e91    0x8  Code  Gb  cpu.o [4]
DelayTime               0x20000850    0x4  Data  Gb  ISR.o [1]
FaultISR                0x00001861    0x2  Code  Lc  startup.o [1]
GPIODirModeSet          0x00000b1d   0x28  Code  Gb  gpio.o [4]
GPIOIntTypeSet          0x00000b45   0x38  Code  Gb  gpio.o [4]
GPIOPadConfigSet        0x00000b7d   0x98  Code  Gb  gpio.o [4]
GPIOPinConfigure        0x00000c6d   0x40  Code  Gb  gpio.o [4]
GPIOPinIntClear         0x00000c31    0x6  Code  Gb  gpio.o [4]
GPIOPinIntEnable        0x00000c15    0xc  Code  Gb  gpio.o [4]
GPIOPinIntStatus        0x00000c21   0x10  Code  Gb  gpio.o [4]
GPIOPinRead             0x00000c37    0x6  Code  Gb  gpio.o [4]
GPIOPinTypePWM          0x00000c51    0xa  Code  Gb  gpio.o [4]
GPIOPinTypeSSI          0x00000c5b    0xa  Code  Gb  gpio.o [4]
GPIOPinWrite            0x00000c3d    0x6  Code  Gb  gpio.o [4]
GPIO_Port_A_ISR         0x00001681   0x3e  Code  Gb  ISR.o [1]
GPIO_Port_B_ISR         0x000016bf   0xfe  Code  Gb  ISR.o [1]
GPIO_Port_C_ISR         0x000017d5    0xc  Code  Gb  ISR.o [1]
GPIO_Port_D_ISR         0x000017ed   0x16  Code  Gb  ISR.o [1]
GPIO_Port_G_ISR         0x00001803   0x16  Code  Gb  ISR.o [1]
GPIO_Port_H_ISR         0x000017bd    0x2  Code  Gb  ISR.o [1]
IntDefaultHandler       0x00001863    0x2  Code  Lc  startup.o [1]
IntEnable               0x00000ddf   0x4e  Code  Gb  interrupt.o [4]
IntMasterEnable         0x00000db1    0xa  Code  Gb  interrupt.o [4]
IntPrioritySet          0x00000dbb   0x24  Code  Gb  interrupt.o [4]
Key0                    0x20000861    0x1  Data  Gb  ISR.o [1]
Key1                    0x20000860    0x1  Data  Gb  ISR.o [1]
L01IRQSign              0x20000864    0x1  Data  Gb  nrf24l01.o [1]
L01RcvBuf               0x20000020  0x804  Data  Gb  nrf24l01.o [1]
L01_Buf_Read            0x00000731   0x3e  Code  Gb  nrf24l01.o [1]
L01_Buf_Write           0x0000076f   0x42  Code  Gb  nrf24l01.o [1]
LeftMotorStep           0x20000858    0x4  Data  Gb  motor.o [1]
NRF24L01_Read_Buf       0x000003fd   0x84  Code  Gb  nrf24l01.o [1]
NRF24L01_Read_Reg       0x00000399   0x64  Code  Gb  nrf24l01.o [1]
NRF24L01_RxPacket       0x0000057b   0x48  Code  Gb  nrf24l01.o [1]
NRF24L01_TxPacket       0x000004f7   0x84  Code  Gb  nrf24l01.o [1]
NRF24L01_Write_Buf      0x00000481   0x76  Code  Gb  nrf24l01.o [1]
NRF24L01_Write_Reg      0x00000331   0x68  Code  Gb  nrf24l01.o [1]
NmiSR                   0x0000185f    0x2  Code  Lc  startup.o [1]
P0_RX_ADDRESS           0x20000014    0x4  Data  Gb  nrf24l01.o [1]
P0_TX_ADDRESS           0x20000010    0x4  Data  Gb  nrf24l01.o [1]
PWMGenConfigure         0x00001981   0x2c  Code  Gb  pwm.o [4]
PWMGenEnable            0x000019c5    0x6  Code  Gb  pwm.o [4]
PWMGenPeriodSet         0x000019b1   0x14  Code  Gb  pwm.o [4]
PWMOutputState          0x000019ef   0x12  Code  Gb  pwm.o [4]
PWMPulseWidthSet        0x000019cb   0x1c  Code  Gb  pwm.o [4]
RX_Mode                 0x000005c3   0x9a  Code  Gb  nrf24l01.o [1]
Region$$Table$$Base     0x00001ab4          --   Gb  - Linker created -
Region$$Table$$Limit    0x00001ad8          --   Gb  - Linker created -
RightMotorStep          0x2000085c    0x4  Data  Gb  motor.o [1]
SB                      0x00001b28         Data  Gb  bwt_init3c.o [5]
SSIBusy                 0x00000d77    0xc  Code  Gb  ssi.o [4]
SSIConfigSetExpClk      0x00000cfd   0x46  Code  Gb  ssi.o [4]
SSIDataGet              0x00000d59    0xc  Code  Gb  ssi.o [4]
SSIDataGetNonBlocking   0x00000d65   0x12  Code  Gb  ssi.o [4]
SSIDataPut              0x00000d4f    0xa  Code  Gb  ssi.o [4]
SSIEnable               0x00000d43    0xc  Code  Gb  ssi.o [4]
SSI_RW_Byte             0x0000030b   0x26  Code  Gb  nrf24l01.o [1]
Scan                    0x00000ea9   0x30  Code  Gb  main.o [1]
SysCtlADCSpeedSet       0x00000a51   0x18  Code  Gb  sysctl.o [4]
SysCtlClockGet          0x000008e7  0x160  Code  Gb  sysctl.o [4]
SysCtlClockSet          0x000007d9  0x10e  Code  Gb  sysctl.o [4]
SysCtlDelay             0x000007d1    0x8  Code  Gb  sysctl.o [4]
SysCtlPWMClockSet       0x00000a47    0xa  Code  Gb  sysctl.o [4]
SysCtlPeripheralEnable  0x000007b1    0x8  Code  Gb  sysctl.o [4]
TX_Mode                 0x0000065d   0x86  Code  Gb  nrf24l01.o [1]
TestNum                 0x20000863    0x1  Data  Gb  main.o [1]
Timer0A_ISR             0x000017bf   0x16  Code  Gb  ISR.o [1]
Timer1A_ISR             0x000017e1    0xc  Code  Gb  ISR.o [1]
TimerConfigure          0x00001a0d   0x1e  Code  Gb  timer.o [4]
TimerEnable             0x00001a01    0xc  Code  Gb  timer.o [4]
TimerIntClear           0x00001a4b    0x4  Code  Gb  timer.o [4]
TimerIntEnable          0x00001a41    0x4  Code  Gb  timer.o [4]
TimerLoadSet            0x00001a2b   0x12  Code  Gb  timer.o [4]
__aeabi_memclr4         0x00001859         Code  Gb  ABImemclr4.o [5]
__aeabi_memset4         0x00001a51         Code  Gb  ABImemset48.o [5]
__aeabi_memset8         0x00001a51         Code  Gb  ABImemset48.o [5]
__cmain                 0x00001ad9         Code  Gb  cmain.o [5]
__exit                  0x00001b09   0x14  Code  Gb  exit.o [6]
__iar_Memset4_word      0x00001a59         Code  Gb  ABImemset48.o [5]
__iar_Memset8_word      0x00001a59         Code  Gb  ABImemset48.o [5]
__iar_copy_init3        0x00000d83   0x2e  Code  Gb  copy_init3.o [5]
__iar_data_init3        0x00001a89   0x2c  Code  Gb  data_init3.o [5]
__iar_program_start     0x00001b1d         Code  Gb  cstartup_M.o [5]
__iar_zero_init3        0x000012ff   0x22  Code  Gb  zero_init3.o [5]
__low_level_init        0x00001aef    0x4  Code  Gb  low_level_init.o [3]
__vector_table          0x00000000   0xf0  Data  Gb  startup.o [1]
_call_main              0x00001ae5         Code  Gb  cmain.o [5]
_exit                   0x00001afd         Code  Gb  cexit.o [5]
_main                   0x00001aeb         Code  Gb  cmain.o [5]
backward                0x000014e5   0x2c  Code  Gb  motor.o [1]
backward_cmd            0x2000001c    0x1  Data  Gb  main.o [1]
banlanceL               0x20000008    0x4  Data  Gb  motor.o [1]
banlanceR               0x2000000c    0x4  Data  Gb  motor.o [1]
banlance_l              0x20000000    0x4  Data  Gb  main.o [1]
banlance_r              0x20000004    0x4  Data  Gb  main.o [1]
car_num                 0x20000018    0x1  Data  Gb  main.o [1]
delay                   0x00000ed9    0xa  Code  Gb  main.o [1]
delay_1ms               0x000012d9    0xe  Code  Gb  delay.o [1]
delay_ms                0x000012e7   0x18  Code  Gb  delay.o [1]
detectVoltage           0x000011c3   0x8a  Code  Gb  main.o [1]
exit                    0x00001af3    0x8  Code  Gb  exit.o [3]
forward                 0x000014b9   0x2c  Code  Gb  motor.o [1]
forward_cmd             0x2000001b    0x1  Data  Gb  main.o [1]
g_pulGPIOBaseAddrs      0x00000cb4   0x48  Data  Lc  gpio.o [4]
g_pulRCGCRegs           0x00000ab4    0xc  Data  Lc  sysctl.o [4]
g_pulRegs               0x00000e48   0x48  Data  Lc  interrupt.o [4]
g_pulXtals              0x00000ac0   0x5c  Data  Lc  sysctl.o [4]
info_cmd                0x20000019    0x1  Data  Gb  main.o [1]
initControlPins0        0x000001ed   0x66  Code  Gb  nrf24l01.o [1]
initControlPins1        0x00000253   0x80  Code  Gb  nrf24l01.o [1]
initKey                 0x000015bd   0x38  Code  Gb  keys.o [1]
initLed                 0x00001321   0x3c  Code  Gb  led.o [1]
initMotor               0x0000138d   0xa8  Code  Gb  motor.o [1]
initNrf24l01            0x000002d3   0x38  Code  Gb  nrf24l01.o [1]
initPWM                 0x00001435   0x84  Code  Gb  motor.o [1]
initSSI0                0x000000f1   0x7e  Code  Gb  nrf24l01.o [1]
initSSI1                0x0000016f   0x7e  Code  Gb  nrf24l01.o [1]
initSW                  0x000015f5   0x38  Code  Gb  keys.o [1]
initTimer               0x0000163d   0x44  Code  Gb  ISR.o [1]
ledTurnoff              0x0000136d   0x10  Code  Gb  led.o [1]
ledTurnon               0x0000135d   0x10  Code  Gb  led.o [1]
main                    0x00000ee3  0x2e0  Code  Gb  main.o [1]
pulStack                0x20000868  0x400  Data  Lc  startup.o [1]
receive                 0x20000824   0x20  Data  Gb  main.o [1]
run_cmd                 0x2000001a    0x1  Data  Gb  main.o [1]
stop                    0x00001511   0x2c  Code  Gb  motor.o [1]
stop_cmd                0x2000001f    0x1  Data  Gb  main.o [1]
sysInit                 0x00000e99   0x10  Code  Gb  main.o [1]
turnLeft                0x0000153d   0x2c  Code  Gb  motor.o [1]
turnRight               0x00001569   0x2c  Code  Gb  motor.o [1]
turnleft_cmd            0x2000001d    0x1  Data  Gb  main.o [1]
turnright_cmd           0x2000001e    0x1  Data  Gb  main.o [1]
ulDataRx                0x20000844    0xc  Data  Gb  nrf24l01.o [1]
x                       0x20000854    0x4  Data  Gb  main.o [1]


[1] = D:\WebBasedRobot\car_code\test\Debug\Obj
[2] = command line
[3] = dl7M_tln.a
[4] = driverlib.a
[5] = rt7M_tl.a
[6] = shb_l.a

  6 676 bytes of readonly  code memory
    308 bytes of readonly  data memory
  3 173 bytes of readwrite data memory

Errors: none
Warnings: none
